=== Pipeline: Publish ===
Job: publish
Run: 16
Date: Tue Aug 18 22:16:45 2026
Branch: main
Commit: 
---

$ git add .
git commit -m "auto-update from mank"
git push

[main 30eb67c] auto-update from mank
 12 files changed, 52 insertions(+), 51 deletions(-)
 create mode 100644 .mank/ci/runs/publish/16.log
 create mode 100644 .mank/objects/02/a5bbfae5c53b90
 create mode 100644 .mank/objects/40/22e5a506967e24
 create mode 100644 .mank/objects/5f/4b9c1280ff3ea7
 create mode 100644 .mank/objects/c4/81d184de02bf55
 create mode 100644 .mank/objects/d6/9e64244758f617
 create mode 100644 .mank/objects/e4/3b4674cebac7da
To ssh://codeberg.org/blasf/mank
   985cea5..30eb67c  main -> main

--- Exit code: 0 ---
