=== Pipeline: Publish ===
Job: publish
Run: 22
Date: Fri Aug 21 17:49:28 2026
Branch: main
Commit: eb79fb29
---

$ git add .
git commit -m "auto-update from mank"
git push

[main 07f2c13] auto-update from mank
 10 files changed, 44 insertions(+), 15 deletions(-)
 create mode 100644 .mank/ci/runs/publish/22.log
 create mode 100644 .mank/objects/cc/93042e6830b0e3
 create mode 100644 .mank/objects/db/60eb7dcec6290e
 create mode 100644 .mank/objects/e6/827cb69162970e
 create mode 100644 .mank/objects/eb/79fb29e67caebf
 create mode 100644 .mank/objects/f7/48e55166582d58
To ssh://codeberg.org/blasf/mank.git
   37b5655..07f2c13  main -> main

--- Exit code: 0 ---
