=== Pipeline: Publish ===
Job: publish
Run: 25
Date: Sat Aug 22 00:55:16 2026
Branch: main
Commit: 
---

$ git add .
git commit -m "auto-update from mank. commit: $MANK_COMMIT_SHORT"
git push

[main 4e32be8] auto-update from mank. commit:
 14 files changed, 102 insertions(+), 4 deletions(-)
 create mode 100644 .mank/ci/runs/publish/25.log
 create mode 100644 .mank/objects/10/c7f200340b0a35
 create mode 100644 .mank/objects/37/55df3cc83d8f7a
 create mode 100644 .mank/objects/3c/3854e29eb3b92a
 create mode 100644 .mank/objects/6a/c8337e68d75c9f
 create mode 100644 .mank/objects/d5/5c7a8b342450ce
 create mode 100644 .mank/objects/e3/856241aca6f3ef
To ssh://codeberg.org/blasf/mank.git
   462a596..4e32be8  main -> main

--- Exit code: 0 ---
