=== Pipeline: Publish ===
Job: publish
Run: 27
Date: Sat Aug 22 01:56:26 2026
Branch: main
Commit: 
---

$ git add .
git commit -m "auto-update from mank. commit: $MANK_COMMIT_SHORT"
git push

[main 9d645fa] auto-update from mank. commit: 9da041bd
 17 files changed, 97 insertions(+), 49 deletions(-)
 create mode 100644 .mank/ci/runs/publish/27.log
 create mode 100644 .mank/objects/0c/a94429f1a2fac7
 create mode 100644 .mank/objects/52/3f8f57dde645cd
 create mode 100644 .mank/objects/9d/a041bd87097b07
 create mode 100644 .mank/objects/b3/9fc440320fa87f
 create mode 100644 .mank/objects/bd/e7b01daf7fdb93
 create mode 100644 .mank/objects/c4/d17e07841110ce
 create mode 100644 .mank/objects/df/9bb946fac04f32
 create mode 100644 .mank/objects/f5/dac1d62c31c7ca
To ssh://codeberg.org/blasf/mank.git
   a54098f..9d645fa  main -> main

--- Exit code: 0 ---
