=== Pipeline: Publish ===
Job: publish
Run: 31
Date: Sat Aug 22 04:30:06 2026
Branch: main
Commit: 
---

$ git add .
git commit -m "auto-update from mank. commit: $MANK_COMMIT_SHORT"
git push

[main 9bca6c7] auto-update from mank. commit: 3ccbf89d
 14 files changed, 64 insertions(+), 8 deletions(-)
 create mode 100644 .mank/ci/runs/publish/31.log
 create mode 100644 .mank/objects/0e/eeef04f5798c41
 create mode 100644 .mank/objects/23/db124337a1def1
 create mode 100644 .mank/objects/39/728df4fd706968
 create mode 100644 .mank/objects/3c/cbf89d6f72e873
 create mode 100644 .mank/objects/73/37f7f88ece33c7
 create mode 100644 .mank/objects/bf/34b684bf0bece6
To ssh://codeberg.org/blasf/mank.git
   ee99d59..9bca6c7  main -> main

--- Exit code: 0 ---
