=== Pipeline: Publish ===
Job: publish
Run: 33
Date: Sat Aug 22 11:35:07 2026
Branch: main
Commit: 
---

$ git add .
git commit -m "auto-update from mank. commit: $MANK_COMMIT_SHORT"
git push

[main d39e414] auto-update from mank. commit:
 9 files changed, 25 insertions(+), 3 deletions(-)
 create mode 100644 .mank/ci/runs/publish/33.log
 create mode 100644 .mank/objects/2e/7e957ba53ec981
 create mode 100644 .mank/objects/38/a703f62692ae6d
 create mode 100644 .mank/objects/8d/f41209cef885df
 create mode 100644 .mank/objects/f5/f63bf0d1ec558f
To ssh://codeberg.org/blasf/mank.git
   216610d..d39e414  main -> main

--- Exit code: 0 ---
