=== Pipeline: Publish ===
Job: publish
Run: 34
Date: Sat Aug 22 12:47:48 2026
Branch: main
Commit: 
---

$ git add .
git commit -m "auto-update from mank. commit: $MANK_COMMIT_SHORT"
git push

[main 6c37a25] auto-update from mank. commit: 0a8dde46
 10 files changed, 60 insertions(+), 3 deletions(-)
 create mode 100644 .mank/ci/runs/publish/34.log
 create mode 100644 .mank/objects/0a/8dde46ca306a82
 create mode 100644 .mank/objects/29/02235cc17e2093
 create mode 100644 .mank/objects/9f/a91e6cb6c371f7
 create mode 100644 .mank/objects/bf/4802730d1ccfb3
To ssh://codeberg.org/blasf/mank.git
   d39e414..6c37a25  main -> main

--- Exit code: 0 ---
