=== Pipeline: Publish ===
Job: publish
Run: 35
Date: Sat Aug 22 21:43:17 2026
Branch: main
Commit: 
---

$ git add .
git commit -m "auto-update from mank. commit: $MANK_COMMIT_SHORT"
git push

[main 19c2a0c] auto-update from mank. commit:
 14 files changed, 74 insertions(+), 7 deletions(-)
 create mode 100644 .mank/ci/runs/publish/35.log
 create mode 100644 .mank/objects/19/eac00dd56c7ef7
 create mode 100644 .mank/objects/35/4db53e01fd4a41
 create mode 100644 .mank/objects/60/97e99ce490bce8
 create mode 100644 .mank/objects/73/80fd6f19ab156b
 create mode 100644 .mank/objects/ab/43e0f0442ef065
 create mode 100644 .mank/objects/fc/69a80ddaa82135
To ssh://codeberg.org/blasf/mank.git
   6c37a25..19c2a0c  main -> main

--- Exit code: 0 ---
