=== Pipeline: Publish ===
Job: publish
Run: 41
Date: Sat Aug 22 22:21:01 2026
Branch: main
Commit: d5f44e13 feat: added MANK_COMMIT_TITLE env to CI

---

$ git add .
git commit -m "auto-update [$MANK_COMMIT_SHORT] $MANK_COMMIT_TITLE"
git push

[main eb864f6] auto-update [d5f44e13]
 14 files changed, 638 insertions(+), 573 deletions(-)
 create mode 100644 .mank/ci/runs/publish/37.log
 create mode 100644 .mank/ci/runs/publish/38.log
 create mode 100644 .mank/ci/runs/publish/39.log
 create mode 100644 .mank/ci/runs/publish/40.log
 create mode 100644 .mank/ci/runs/publish/41.log
 create mode 100644 .mank/objects/35/ffa579374a07a1
 create mode 100644 .mank/objects/55/21064f2a77d87d
 create mode 100644 .mank/objects/63/a5538f7291fceb
 create mode 100644 .mank/objects/66/0bf16d81ded434
 create mode 100644 .mank/objects/88/06535de570c143
 create mode 100644 .mank/objects/ca/330b790febe78b
 create mode 100644 .mank/objects/f2/86f3b09fc5e597
To ssh://codeberg.org/blasf/mank.git
   225f12c..eb864f6  main -> main

--- Exit code: 0 ---
